src/features/auth/pages/AuthenticationInner/ParticlesAuth.tsx(2,24): error TS2307: Cannot find module '../../components/common/withRouter' or its corresponding type declarations.
src/features/auth/pages/AuthenticationInner/PasswordReset/BasicPasswReset.tsx(6,28): error TS2307: Cannot find module '../../../components/common/FloatingAlerts' or its corresponding type declarations.
src/features/auth/pages/Login.tsx(17,24): error TS2307: Cannot find module '../../components/common/withRouter' or its corresponding type declarations.
src/features/auth/pages/Login.tsx(21,25): error TS2307: Cannot find module '../AuthenticationInner/ParticlesJS' or its corresponding type declarations.
src/features/auth/pages/Login.tsx(22,43): error TS2307: Cannot find module '../../slices/auth/login/thunk' or its corresponding type declarations.
src/features/auth/pages/Logout.tsx(6,28): error TS2307: Cannot find module '../../slices/auth/login/thunk' or its corresponding type declarations.
src/features/auth/pages/user-profile.tsx(26,8): error TS2307: Cannot find module '../../components/common/FloatingAlerts' or its corresponding type declarations.
src/features/auth/pages/user-profile.tsx(27,47): error TS2307: Cannot find module '../../slices/auth/profile/thunk' or its corresponding type declarations.
src/features/documents/pages/Details/AllTasks.tsx(7,28): error TS2307: Cannot find module '../../components/common/FloatingAlerts' or its corresponding type declarations.
src/features/documents/pages/Details/AllTasks.tsx(8,29): error TS2307: Cannot find module '../../helpers/api-url' or its corresponding type declarations.
src/features/documents/pages/Details/AllTasks.tsx(12,35): error TS2307: Cannot find module '../../helpers/search-utils' or its corresponding type declarations.
src/features/documents/pages/Details/components/DocumentTable.tsx(6,31): error TS2307: Cannot find module '../../../components/common/RecordBadges' or its corresponding type declarations.
src/features/documents/pages/Details/components/DocumentTable.tsx(7,33): error TS2307: Cannot find module '../../../common/locale' or its corresponding type declarations.
src/features/documents/pages/Details/index.tsx(6,24): error TS2307: Cannot find module '../../components/common/BreadCrumb' or its corresponding type declarations.
src/features/documents/pages/Edit/DocumentEditPreviewPanel.tsx(4,26): error TS2307: Cannot find module '../Documents/types' or its corresponding type declarations.
src/features/documents/pages/Edit/DocumentEditPreviewPanel.tsx(5,30): error TS2307: Cannot find module '../Documents/document-utils' or its corresponding type declarations.
src/features/documents/pages/Edit/DocumentInvoiceDetails.tsx(4,33): error TS2307: Cannot find module '../../common/locale' or its corresponding type declarations.
src/features/documents/pages/Edit/DocumentInvoiceDetails.tsx(5,32): error TS2307: Cannot find module '../Documents/types' or its corresponding type declarations.
src/features/documents/pages/Edit/index.tsx(5,24): error TS2307: Cannot find module '../../components/common/BreadCrumb' or its corresponding type declarations.
src/features/documents/pages/Edit/index.tsx(6,27): error TS2307: Cannot find module '../Documents/components/Notifications' or its corresponding type declarations.
src/features/documents/pages/Edit/index.tsx(7,32): error TS2307: Cannot find module '../Documents/components/DocumentEditorForm' or its corresponding type declarations.
src/features/documents/pages/Edit/index.tsx(8,29): error TS2307: Cannot find module '../../helpers/api-url' or its corresponding type declarations.
src/features/documents/pages/Edit/index.tsx(14,8): error TS2307: Cannot find module '../../helpers/external-api' or its corresponding type declarations.
src/features/documents/pages/Edit/index.tsx(21,8): error TS2307: Cannot find module '../Documents/types' or its corresponding type declarations.
src/features/documents/pages/Edit/index.tsx(26,8): error TS2307: Cannot find module '../Documents/document-utils' or its corresponding type declarations.
src/features/documents/pages/Edit/index.tsx(353,19): error TS7006: Parameter 'prev' implicitly has an 'any' type.
src/features/documents/pages/Edit/index.tsx(550,21): error TS7006: Parameter 'prev' implicitly has an 'any' type.
src/features/documents/pages/Edit/index.tsx(697,22): error TS7006: Parameter 'id' implicitly has an 'any' type.
src/features/documents/pages/List/AllTasks.tsx(8,28): error TS2307: Cannot find module '../../components/common/FloatingAlerts' or its corresponding type declarations.
src/features/documents/pages/List/AllTasks.tsx(14,29): error TS2307: Cannot find module '../../helpers/api-url' or its corresponding type declarations.
src/features/documents/pages/List/AllTasks.tsx(21,35): error TS2307: Cannot find module '../../helpers/search-utils' or its corresponding type declarations.
src/features/documents/pages/List/components/DocumentTable.tsx(16,8): error TS2307: Cannot find module '../../../components/common/RecordBadges' or its corresponding type declarations.
src/features/documents/pages/List/components/DocumentTable.tsx(17,33): error TS2307: Cannot find module '../../../common/locale' or its corresponding type declarations.
src/features/documents/pages/List/components/EditDocumentModal.tsx(26,33): error TS2307: Cannot find module '../../../common/locale' or its corresponding type declarations.
src/features/documents/pages/List/components/Notifications.tsx(2,28): error TS2307: Cannot find module '../../../components/common/FloatingAlerts' or its corresponding type declarations.
src/features/documents/pages/List/components/Notifications.tsx(19,16): error TS7006: Parameter 'id' implicitly has an 'any' type.
src/features/documents/pages/List/index.tsx(6,24): error TS2307: Cannot find module '../../components/common/BreadCrumb' or its corresponding type declarations.
src/features/documents/pages/OrderC/useOrderC.ts(4,26): error TS2307: Cannot find module '../../../../pages/Documents/types' or its corresponding type declarations.
src/features/documents/pages/OrderC/utils.ts(1,26): error TS2307: Cannot find module '../../../../pages/Documents/types' or its corresponding type declarations.
src/features/documents/pages/Programacion/AllTasks.tsx(5,28): error TS2307: Cannot find module '../../components/common/FloatingAlerts' or its corresponding type declarations.
src/features/documents/pages/Programacion/AllTasks.tsx(10,29): error TS2307: Cannot find module '../../helpers/api-url' or its corresponding type declarations.
src/features/documents/pages/Programacion/AllTasks.tsx(18,35): error TS2307: Cannot find module '../../helpers/search-utils' or its corresponding type declarations.
src/features/documents/pages/Programacion/components/Notifications.tsx(2,28): error TS2307: Cannot find module '../../../components/common/FloatingAlerts' or its corresponding type declarations.
src/features/documents/pages/Programacion/components/Notifications.tsx(19,16): error TS7006: Parameter 'id' implicitly has an 'any' type.
src/features/documents/pages/Programacion/index.tsx(5,24): error TS2307: Cannot find module '../../components/common/BreadCrumb' or its corresponding type declarations.
src/features/expedients/pages/index.tsx(21,24): error TS2307: Cannot find module '../../components/common/BreadCrumb' or its corresponding type declarations.
src/features/expedients/pages/index.tsx(24,8): error TS2307: Cannot find module '../../components/common/FloatingAlerts' or its corresponding type declarations.
src/features/expedients/pages/index.tsx(25,43): error TS2307: Cannot find module '../../helpers/api-url' or its corresponding type declarations.
src/features/expedients/pages/index.tsx(26,33): error TS2307: Cannot find module '../../common/locale' or its corresponding type declarations.
src/features/purchase-orders/pages/index.tsx(23,24): error TS2307: Cannot find module '../../components/common/BreadCrumb' or its corresponding type declarations.
src/features/purchase-orders/pages/index.tsx(26,8): error TS2307: Cannot find module '../../components/common/FloatingAlerts' or its corresponding type declarations.
src/features/purchase-orders/pages/index.tsx(27,29): error TS2307: Cannot find module '../../helpers/api-url' or its corresponding type declarations.
src/features/purchase-orders/pages/index.tsx(28,33): error TS2307: Cannot find module '../../common/locale' or its corresponding type declarations.
src/features/purchase-orders/pages/index.tsx(29,26): error TS2307: Cannot find module '../Documents/types' or its corresponding type declarations.
src/features/purchase-orders/pages/index.tsx(31,35): error TS2307: Cannot find module '../../helpers/search-utils' or its corresponding type declarations.
src/features/purchase-orders/pages/purchaseOrderPdf.ts(6,26): error TS2307: Cannot find module '../Documents/types' or its corresponding type declarations.
src/features/suppliers/pages/index.tsx(29,24): error TS2307: Cannot find module '../../components/common/BreadCrumb' or its corresponding type declarations.
src/features/suppliers/pages/index.tsx(30,28): error TS2307: Cannot find module '../../components/common/FloatingAlerts' or its corresponding type declarations.
src/features/suppliers/pages/index.tsx(31,40): error TS2307: Cannot find module '../../components/common/FloatingAlerts' or its corresponding type declarations.
src/features/suppliers/pages/index.tsx(32,29): error TS2307: Cannot find module '../../helpers/api-url' or its corresponding type declarations.
src/features/suppliers/pages/index.tsx(36,8): error TS2307: Cannot find module '../../helpers/external-api' or its corresponding type declarations.
src/pages/DocumentsOrderC/index.tsx(25,26): error TS2307: Cannot find module '../Documents/types' or its corresponding type declarations.
